[dashunfur.com/index.html]
[backblue.gif]
[fade.gif]
[index.html]
[dashunfur.com/wp-content/uploads/2022/12/cropped-Dashun-FUr-1-1-150x150.png]
[dashunfur.com/wp-content/uploads/themify-concate/4009170234/themify-812821796.min.css]
[dashunfur.com/wp-content/themes/astra/assets/fonts/astra.woff]
[dashunfur.com/wp-content/themes/astra/assets/css/minified/frontend.minf3c8.css]
[dashunfur.com/feed/index.html]
[dashunfur.com/wp-content/plugins/elementor/assets/lib/eicons/css/elementor-icons.min91ce.css]
[dashunfur.com/comments/feed/index.html]
[dashunfur.com/wp-content/plugins/elementor/assets/css/frontend-lite.mina560.css]
[dashunfur.com/wp-content/uploads/elementor/css/post-4354ab0.css]
[dashunfur.com/wp-content/plugins/elementor/assets/lib/font-awesome/css/all.mina560.css]
[dashunfur.com/wp-content/plugins/elementor/assets/lib/font-awesome/css/v4-shims.mina560.css]
[dashunfur.com/wp-content/uploads/elementor/css/post-527b93d.css]
[dashunfur.com/wp-content/plugins/elementor/assets/lib/font-awesome/css/fontawesome.min52d5.css]
[dashunfur.com/wp-content/plugins/elementor/assets/lib/font-awesome/css/solid.min52d5.css]
[dashunfur.com/wp-includes/js/jquery/jquery.mina7a0.js]
[dashunfur.com/wp-content/plugins/elementor/assets/lib/font-awesome/js/v4-shims.mina560.js]
[dashunfur.com/wp-json/wp/v2/pages/527.json]
[dashunfur.com/xmlrpc0db0.php]
[dashunfur.com/wp-includes/wlwmanifest.xml]
[dashunfur.com/wp-json/oembed/1.0/embedf0fc.json]
[dashunfur.com/wp-content/uploads/2022/12/cropped-ebay-32x32.png]
[dashunfur.com/wp-json/oembed/1.0/embed573c]
[dashunfur.com/wp-content/uploads/2022/12/cropped-ebay-192x192.png]
[dashunfur.com/wp-content/uploads/2022/12/cropped-ebay-180x180.png]
[dashunfur.com/wp-content/uploads/2022/12/3-1.jpg]
[dashunfur.com/wp-content/themes/astra/assets/js/minified/frontend.minf3c8.js]
[dashunfur.com/wp-content/plugins/themify-builder/themify/js/main.min823d.js]
[dashunfur.com/product-2/index.html]
[dashunfur.com/wp-content/plugins/elementor/assets/js/webpack.runtime.mina560.js]
[dashunfur.com/wp-content/plugins/elementor/assets/js/frontend-modules.mina560.js]
[dashunfur.com/projects/index.html]
[dashunfur.com/wp-includes/js/jquery/ui/core.min3f14.js]
[dashunfur.com/contact/index.html]
[dashunfur.com/wp-content/plugins/elementor/assets/js/frontend.mina560.js]
[dashunfur.com/wp-includes/js/wp-util.min6a4d.js]
[dashunfur.com/index.html]
[dashunfur.com/wp-content/uploads/themify-concate/4009170234/themify-812821796.min.css]
[dashunfur.com/wp-content/themes/astra/assets/css/minified/frontend.minf3c8.css]
[dashunfur.com/wp-content/plugins/elementor/assets/lib/eicons/fonts/eicons1075.eot]
[dashunfur.com/wp-content/plugins/elementor/assets/lib/eicons/fonts/eicons1075.woff]
[dashunfur.com/wp-content/plugins/elementor/assets/lib/eicons/css/elementor-icons.min91ce.css]
[dashunfur.com/wp-content/plugins/elementor/assets/css/frontend-lite.mina560.css]
[dashunfur.com/wp-content/uploads/elementor/css/post-4354ab0.css]
[dashunfur.com/wp-content/plugins/elementor/assets/lib/font-awesome/webfonts/fa-brands-400.eot]
[dashunfur.com/wp-content/plugins/elementor/assets/lib/font-awesome/webfonts/fa-brands-400d41d.eot]
[dashunfur.com/wp-content/plugins/elementor/assets/lib/font-awesome/webfonts/fa-brands-400.woff]
[dashunfur.com/wp-content/plugins/elementor/assets/lib/font-awesome/webfonts/fa-brands-400.ttf]
[dashunfur.com/wp-content/plugins/elementor/assets/lib/font-awesome/webfonts/fa-regular-400.eot]
[dashunfur.com/wp-content/plugins/elementor/assets/lib/font-awesome/webfonts/fa-regular-400d41d.eot]
[dashunfur.com/wp-content/plugins/elementor/assets/lib/font-awesome/webfonts/fa-regular-400.woff]
[dashunfur.com/wp-content/plugins/elementor/assets/lib/font-awesome/webfonts/fa-regular-400.ttf]
[dashunfur.com/wp-content/plugins/elementor/assets/lib/font-awesome/webfonts/fa-solid-900.eot]
[dashunfur.com/wp-content/plugins/elementor/assets/lib/font-awesome/webfonts/fa-solid-900.woff]
[dashunfur.com/wp-content/plugins/elementor/assets/lib/font-awesome/webfonts/fa-solid-900.ttf]
[dashunfur.com/wp-content/plugins/elementor/assets/lib/font-awesome/css/all.mina560.css]
[dashunfur.com/wp-content/plugins/elementor/assets/lib/font-awesome/css/v4-shims.mina560.css]
[dashunfur.com/wp-content/uploads/2022/12/janko-ferlic-eBtwD6ZG78I-unsplash-scaled.jpg]
[dashunfur.com/wp-content/uploads/2022/12/towel-studio-IYhFK0bne7Y-unsplash-scaled.jpg]
[dashunfur.com/wp-content/uploads/elementor/css/post-527b93d.css]
[dashunfur.com/wp-content/plugins/elementor/assets/lib/font-awesome/css/fontawesome.min52d5.css]
[dashunfur.com/wp-content/plugins/elementor/assets/lib/font-awesome/css/solid.min52d5.css]
[dashunfur.com/wp-json/index.html]
[dashunfur.com/wp-content/uploads/themify-concate/4009170234/themify-795921251.min.css]
[dashunfur.com/about/index.html]
[dashunfur.com/wp-content/uploads/elementor/css/post-529b159.css]
[dashunfur.com/wp-json/wp/v2/pages/529.json]
[dashunfur.com/wp-json/oembed/1.0/embedac5f.json]
[dashunfur.com/wp-content/uploads/2018/11/product.jpg]
[dashunfur.com/wp-json/oembed/1.0/embed4d7b]
[dashunfur.com/wp-content/uploads/2018/11/img-05-free-img-1.jpg]
[dashunfur.com/product-2/index.html]
[dashunfur.com/wp-json/wp/v2/pages/530.json]
[dashunfur.com/wp-json/oembed/1.0/embed22ff.json]
[dashunfur.com/wp-content/uploads/2018/11/project-1.jpg]
[dashunfur.com/wp-content/uploads/2018/11/project-2.jpg]
[dashunfur.com/wp-content/uploads/2018/11/project-4.jpg]
[dashunfur.com/projects/index.html]
[dashunfur.com/wp-json/wp/v2/pages/531.json]
[dashunfur.com/wp-json/oembed/1.0/embed1bbd.json]
[dashunfur.com/wp-content/plugins/elementor/assets/css/widget-icon-list.min.css]
[dashunfur.com/wp-json/oembed/1.0/embed298d]
[dashunfur.com/wp-content/plugins/wpforms-lite/assets/css/wpforms-base.min725d.css]
[dashunfur.com/wp-content/plugins/wpforms-lite/assets/lib/jquery.validate.min7e9d.js]
[dashunfur.com/wp-content/plugins/wpforms-lite/assets/lib/mailcheck.mincfa9.js]
[dashunfur.com/wp-content/plugins/wpforms-lite/assets/js/utils.min725d.js]
[dashunfur.com/wp-content/plugins/wpforms-lite/assets/js/wpforms.min725d.js]
[dashunfur.com/contact/index.html]
[dashunfur.com/wp-content/uploads/2022/12/3-2.jpg]
[dashunfur.com/wp-content/uploads/2022/12/3-3.jpg]
[dashunfur.com/wp-includes/js/underscore.mind584.js]
[dashunfur.com/wp-content/plugins/elementor/assets/lib/eicons/fonts/eicons1075.html]
[dashunfur.com/wp-content/plugins/elementor/assets/lib/eicons/fonts/eicons1075.ttf]
[dashunfur.com/wp-content/plugins/elementor/assets/lib/eicons/fonts/eicons1075.svg]
[dashunfur.com/wp-content/plugins/elementor/assets/lib/font-awesome/webfonts/fa-brands-400.html]
[dashunfur.com/wp-content/plugins/elementor/assets/lib/font-awesome/webfonts/fa-brands-400.svg]
[dashunfur.com/wp-content/plugins/elementor/assets/lib/font-awesome/webfonts/fa-solid-900d41d.eot]
[dashunfur.com/wp-content/plugins/elementor/assets/lib/font-awesome/webfonts/fa-solid-900.html]
[dashunfur.com/wp-content/plugins/elementor/assets/lib/font-awesome/webfonts/fa-solid-900.svg]
[dashunfur.com/wp-content/uploads/elementor/css/post-52811ad.css]
[dashunfur.com/wp-json/wp/v2/pages/528.json]
[dashunfur.com/wp-json/oembed/1.0/embede066.json]
[dashunfur.com/wp-json/oembed/1.0/embed2d4e]
[dashunfur.com/wp-content/plugins/elementor/assets/lib/jquery-numerator/jquery-numerator.min3958.js]
[dashunfur.com/about/index.html]
[dashunfur.com/wp-content/uploads/themify-concate/4009170234/themify-795921251.min.css]
[dashunfur.com/wp-content/uploads/2018/11/working-1.jpg]
[dashunfur.com/wp-content/uploads/elementor/css/post-529b159.css]
[dashunfur.com/indexb25f.html]
[dashunfur.com/indexde52.html]
[dashunfur.com/wp-content/uploads/2018/11/project-3.jpg]
[dashunfur.com/wp-content/uploads/elementor/css/post-53059ea.css]
[dashunfur.com/wp-json/oembed/1.0/embedb988]
[dashunfur.com/index7398.html]
[dashunfur.com/wp-content/plugins/elementor/assets/css/widget-icon-list.min.css]
[dashunfur.com/wp-content/uploads/elementor/css/post-531f592.css]
[dashunfur.com/wp-content/plugins/wpforms-lite/assets/css/wpforms-base.min725d.css]
[dashunfur.com/wp-content/plugins/wpforms-lite/assets/lib/punycode.min8a54.js]
[dashunfur.com/wp-content/plugins/elementor/assets/lib/waypoints/waypoints.min05da.js]
[dashunfur.com/wp-content/plugins/wpforms-lite/assets/js/integrations/elementor/frontend.min725d.js]
[dashunfur.com/wp-content/plugins/elementor/assets/lib/font-awesome/webfonts/fa-regular-400.svg]
[dashunfur.com/wp-content/uploads/2021/03/glass-building.jpg]
[dashunfur.com/wp-content/uploads/elementor/css/post-52811ad.css]
[dashunfur.com/index4976.html]
[dashunfur.com/wp-content/uploads/2020/02/crane-handle.jpg]
[dashunfur.com/wp-content/uploads/elementor/css/post-53059ea.css]
[dashunfur.com/wp-content/uploads/2018/11/bg-09-free-img.jpg]
[dashunfur.com/wp-content/uploads/elementor/css/post-531f592.css]
[dashunfur.com/wp-content/plugins/wpforms-lite/assets/images/times-solid-white.svg]
[dashunfur.com/wp-content/plugins/elementor/assets/lib/font-awesome/webfonts/fa-regular-400.woff2]
